// Jest Snapshot v1, https://goo.gl/fbAQLP

exports[`TimelineColumnDay Component renders 1`] = `
<TimelineDay
  className="class-test"
  hourWidthInPx={20}
  style={
    Object {
      "height": "100%",
      "width": 40,
    }
  }
  timelineVisibleDays={5}
>
  <div
    className="class-test "
    style={
      Object {
        "height": "100%",
        "width": 40,
      }
    }
  />
</TimelineDay>
`;
