// Jest Snapshot v1, https://goo.gl/fbAQLP

exports[`Timeline Component Check Timeline Component renders correctly 1`] = `
<ContextProvider
  value={
    Object {
      "clearSelectedPairing": [Function],
      "closePairingDetails": [Function],
      "columnWidthInPx": 0,
      "defaultTimelineWindowHeight": 0,
      "flights": Array [],
      "height": null,
      "hourWidthInPx": 0,
      "initialColumnWidthInPx": 0,
      "innerWidth": 0,
      "openPairingDetails": [Function],
      "openRuleEditDialog": [Function],
      "outerWidth": 0,
      "pairings": Array [],
      "previewMode": undefined,
      "ruleSelected": null,
      "selectedPairing": Array [],
      "setSelectedPairing": [Function],
      "showPairingDetails": false,
      "timelineWindows": Array [
        Object {
          "collapsed": false,
          "height": 0,
          "id": 1,
          "isOpen": true,
          "prevHeight": null,
        },
        Object {
          "collapsed": false,
          "height": 0,
          "id": 2,
          "isOpen": false,
          "prevHeight": null,
        },
        Object {
          "collapsed": false,
          "height": 0,
          "id": 3,
          "isOpen": false,
          "prevHeight": null,
        },
      ],
      "width": null,
    }
  }
>
  <div
    className="pairing-timeline"
    style={
      Object {
        "height": "calc(100vh - (105px + 0px)",
      }
    }
  >
    <div
      style={
        Object {
          "bottom": 25,
          "display": "none",
          "left": 25,
          "opacity": 0.4,
          "position": "absolute",
          "zIndex": 99,
        }
      }
    >
      Timeline 
      x
    </div>
    <ResizeDetector
      handleHeight={true}
      handleWidth={true}
      onResize={[Function]}
      refreshRate={1000}
      resizableElementId=""
      skipOnMount={false}
    />
    <div
      className="outer-container"
      style={
        Object {
          "width": 0,
        }
      }
    >
      <TimelineHeader
        calendarData={
          Array [
            Object {
              "days": Array [
                Object {
                  "dayIndex": 0,
                  "dayName": "Wednesday",
                  "dayNumber": "25",
                  "dayShortName": "We",
                  "isCarryIn": true,
                  "isCarryOut": false,
                  "isDayAfterPeriodEnd": false,
                  "isFirstDayOfMonth": false,
                  "isPeriodEnd": false,
                  "isPeriodStart": false,
                  "isWeekend": false,
                  "relativeDay": -7,
                },
                Object {
                  "dayIndex": 1,
                  "dayName": "Thursday",
                  "dayNumber": "26",
                  "dayShortName": "Th",
                  "isCarryIn": true,
                  "isCarryOut": false,
                  "isDayAfterPeriodEnd": false,
                  "isFirstDayOfMonth": false,
                  "isPeriodEnd": false,
                  "isPeriodStart": false,
                  "isWeekend": false,
                  "relativeDay": -6,
                },
                Object {
                  "dayIndex": 2,
                  "dayName": "Friday",
                  "dayNumber": "27",
                  "dayShortName": "Fr",
                  "isCarryIn": true,
                  "isCarryOut": false,
                  "isDayAfterPeriodEnd": false,
                  "isFirstDayOfMonth": false,
                  "isPeriodEnd": false,
                  "isPeriodStart": false,
                  "isWeekend": false,
                  "relativeDay": -5,
                },
                Object {
                  "dayIndex": 3,
                  "dayName": "Saturday",
                  "dayNumber": "28",
                  "dayShortName": "Sa",
                  "isCarryIn": true,
                  "isCarryOut": false,
                  "isDayAfterPeriodEnd": false,
                  "isFirstDayOfMonth": false,
                  "isPeriodEnd": false,
                  "isPeriodStart": false,
                  "isWeekend": true,
                  "relativeDay": -4,
                },
                Object {
                  "dayIndex": 4,
                  "dayName": "Sunday",
                  "dayNumber": "29",
                  "dayShortName": "Su",
                  "isCarryIn": true,
                  "isCarryOut": false,
                  "isDayAfterPeriodEnd": false,
                  "isFirstDayOfMonth": false,
                  "isPeriodEnd": false,
                  "isPeriodStart": false,
                  "isWeekend": true,
                  "relativeDay": -3,
                },
                Object {
                  "dayIndex": 5,
                  "dayName": "Monday",
                  "dayNumber": "30",
                  "dayShortName": "Mo",
                  "isCarryIn": true,
                  "isCarryOut": false,
                  "isDayAfterPeriodEnd": false,
                  "isFirstDayOfMonth": false,
                  "isPeriodEnd": false,
                  "isPeriodStart": false,
                  "isWeekend": false,
                  "relativeDay": -2,
                },
                Object {
                  "dayIndex": 6,
                  "dayName": "Tuesday",
                  "dayNumber": "31",
                  "dayShortName": "Tu",
                  "isCarryIn": true,
                  "isCarryOut": false,
                  "isDayAfterPeriodEnd": false,
                  "isFirstDayOfMonth": false,
                  "isPeriodEnd": false,
                  "isPeriodStart": false,
                  "isWeekend": false,
                  "relativeDay": -1,
                },
              ],
              "daysCount": 7,
              "monthName": "July",
              "monthNumber": "6",
              "year": "2018",
            },
            Object {
              "days": Array [
                Object {
                  "dayIndex": 7,
                  "dayName": "Wednesday",
                  "dayNumber": "01",
                  "dayShortName": "We",
                  "isCarryIn": false,
                  "isCarryOut": false,
                  "isDayAfterPeriodEnd": false,
                  "isFirstDayOfMonth": true,
                  "isPeriodEnd": false,
                  "isPeriodStart": true,
                  "isWeekend": false,
                  "relativeDay": 1,
                },
                Object {
                  "dayIndex": 8,
                  "dayName": "Thursday",
                  "dayNumber": "02",
                  "dayShortName": "Th",
                  "isCarryIn": false,
                  "isCarryOut": false,
                  "isDayAfterPeriodEnd": false,
                  "isFirstDayOfMonth": false,
                  "isPeriodEnd": false,
                  "isPeriodStart": false,
                  "isWeekend": false,
                  "relativeDay": 2,
                },
                Object {
                  "dayIndex": 9,
                  "dayName": "Friday",
                  "dayNumber": "03",
                  "dayShortName": "Fr",
                  "isCarryIn": false,
                  "isCarryOut": false,
                  "isDayAfterPeriodEnd": false,
                  "isFirstDayOfMonth": false,
                  "isPeriodEnd": false,
                  "isPeriodStart": false,
                  "isWeekend": false,
                  "relativeDay": 3,
                },
                Object {
                  "dayIndex": 10,
                  "dayName": "Saturday",
                  "dayNumber": "04",
                  "dayShortName": "Sa",
                  "isCarryIn": false,
                  "isCarryOut": false,
                  "isDayAfterPeriodEnd": false,
                  "isFirstDayOfMonth": false,
                  "isPeriodEnd": false,
                  "isPeriodStart": false,
                  "isWeekend": true,
                  "relativeDay": 4,
                },
                Object {
                  "dayIndex": 11,
                  "dayName": "Sunday",
                  "dayNumber": "05",
                  "dayShortName": "Su",
                  "isCarryIn": false,
                  "isCarryOut": false,
                  "isDayAfterPeriodEnd": false,
                  "isFirstDayOfMonth": false,
                  "isPeriodEnd": false,
                  "isPeriodStart": false,
                  "isWeekend": true,
                  "relativeDay": 5,
                },
                Object {
                  "dayIndex": 12,
                  "dayName": "Monday",
                  "dayNumber": "06",
                  "dayShortName": "Mo",
                  "isCarryIn": false,
                  "isCarryOut": false,
                  "isDayAfterPeriodEnd": false,
                  "isFirstDayOfMonth": false,
                  "isPeriodEnd": false,
                  "isPeriodStart": false,
                  "isWeekend": false,
                  "relativeDay": 6,
                },
                Object {
                  "dayIndex": 13,
                  "dayName": "Tuesday",
                  "dayNumber": "07",
                  "dayShortName": "Tu",
                  "isCarryIn": false,
                  "isCarryOut": false,
                  "isDayAfterPeriodEnd": false,
                  "isFirstDayOfMonth": false,
                  "isPeriodEnd": false,
                  "isPeriodStart": false,
                  "isWeekend": false,
                  "relativeDay": 7,
                },
                Object {
                  "dayIndex": 14,
                  "dayName": "Wednesday",
                  "dayNumber": "08",
                  "dayShortName": "We",
                  "isCarryIn": false,
                  "isCarryOut": false,
                  "isDayAfterPeriodEnd": false,
                  "isFirstDayOfMonth": false,
                  "isPeriodEnd": false,
                  "isPeriodStart": false,
                  "isWeekend": false,
                  "relativeDay": 8,
                },
                Object {
                  "dayIndex": 15,
                  "dayName": "Thursday",
                  "dayNumber": "09",
                  "dayShortName": "Th",
                  "isCarryIn": false,
                  "isCarryOut": false,
                  "isDayAfterPeriodEnd": false,
                  "isFirstDayOfMonth": false,
                  "isPeriodEnd": false,
                  "isPeriodStart": false,
                  "isWeekend": false,
                  "relativeDay": 9,
                },
                Object {
                  "dayIndex": 16,
                  "dayName": "Friday",
                  "dayNumber": "10",
                  "dayShortName": "Fr",
                  "isCarryIn": false,
                  "isCarryOut": false,
                  "isDayAfterPeriodEnd": false,
                  "isFirstDayOfMonth": false,
                  "isPeriodEnd": false,
                  "isPeriodStart": false,
                  "isWeekend": false,
                  "relativeDay": 10,
                },
                Object {
                  "dayIndex": 17,
                  "dayName": "Saturday",
                  "dayNumber": "11",
                  "dayShortName": "Sa",
                  "isCarryIn": false,
                  "isCarryOut": false,
                  "isDayAfterPeriodEnd": false,
                  "isFirstDayOfMonth": false,
                  "isPeriodEnd": false,
                  "isPeriodStart": false,
                  "isWeekend": true,
                  "relativeDay": 11,
                },
                Object {
                  "dayIndex": 18,
                  "dayName": "Sunday",
                  "dayNumber": "12",
                  "dayShortName": "Su",
                  "isCarryIn": false,
                  "isCarryOut": false,
                  "isDayAfterPeriodEnd": false,
                  "isFirstDayOfMonth": false,
                  "isPeriodEnd": false,
                  "isPeriodStart": false,
                  "isWeekend": true,
                  "relativeDay": 12,
                },
                Object {
                  "dayIndex": 19,
                  "dayName": "Monday",
                  "dayNumber": "13",
                  "dayShortName": "Mo",
                  "isCarryIn": false,
                  "isCarryOut": false,
                  "isDayAfterPeriodEnd": false,
                  "isFirstDayOfMonth": false,
                  "isPeriodEnd": false,
                  "isPeriodStart": false,
                  "isWeekend": false,
                  "relativeDay": 13,
                },
                Object {
                  "dayIndex": 20,
                  "dayName": "Tuesday",
                  "dayNumber": "14",
                  "dayShortName": "Tu",
                  "isCarryIn": false,
                  "isCarryOut": false,
                  "isDayAfterPeriodEnd": false,
                  "isFirstDayOfMonth": false,
                  "isPeriodEnd": false,
                  "isPeriodStart": false,
                  "isWeekend": false,
                  "relativeDay": 14,
                },
                Object {
                  "dayIndex": 21,
                  "dayName": "Wednesday",
                  "dayNumber": "15",
                  "dayShortName": "We",
                  "isCarryIn": false,
                  "isCarryOut": false,
                  "isDayAfterPeriodEnd": false,
                  "isFirstDayOfMonth": false,
                  "isPeriodEnd": false,
                  "isPeriodStart": false,
                  "isWeekend": false,
                  "relativeDay": 15,
                },
                Object {
                  "dayIndex": 22,
                  "dayName": "Thursday",
                  "dayNumber": "16",
                  "dayShortName": "Th",
                  "isCarryIn": false,
                  "isCarryOut": false,
                  "isDayAfterPeriodEnd": false,
                  "isFirstDayOfMonth": false,
                  "isPeriodEnd": false,
                  "isPeriodStart": false,
                  "isWeekend": false,
                  "relativeDay": 16,
                },
                Object {
                  "dayIndex": 23,
                  "dayName": "Friday",
                  "dayNumber": "17",
                  "dayShortName": "Fr",
                  "isCarryIn": false,
                  "isCarryOut": false,
                  "isDayAfterPeriodEnd": false,
                  "isFirstDayOfMonth": false,
                  "isPeriodEnd": false,
                  "isPeriodStart": false,
                  "isWeekend": false,
                  "relativeDay": 17,
                },
                Object {
                  "dayIndex": 24,
                  "dayName": "Saturday",
                  "dayNumber": "18",
                  "dayShortName": "Sa",
                  "isCarryIn": false,
                  "isCarryOut": false,
                  "isDayAfterPeriodEnd": false,
                  "isFirstDayOfMonth": false,
                  "isPeriodEnd": false,
                  "isPeriodStart": false,
                  "isWeekend": true,
                  "relativeDay": 18,
                },
                Object {
                  "dayIndex": 25,
                  "dayName": "Sunday",
                  "dayNumber": "19",
                  "dayShortName": "Su",
                  "isCarryIn": false,
                  "isCarryOut": false,
                  "isDayAfterPeriodEnd": false,
                  "isFirstDayOfMonth": false,
                  "isPeriodEnd": false,
                  "isPeriodStart": false,
                  "isWeekend": true,
                  "relativeDay": 19,
                },
                Object {
                  "dayIndex": 26,
                  "dayName": "Monday",
                  "dayNumber": "20",
                  "dayShortName": "Mo",
                  "isCarryIn": false,
                  "isCarryOut": false,
                  "isDayAfterPeriodEnd": false,
                  "isFirstDayOfMonth": false,
                  "isPeriodEnd": false,
                  "isPeriodStart": false,
                  "isWeekend": false,
                  "relativeDay": 20,
                },
                Object {
                  "dayIndex": 27,
                  "dayName": "Tuesday",
                  "dayNumber": "21",
                  "dayShortName": "Tu",
                  "isCarryIn": false,
                  "isCarryOut": false,
                  "isDayAfterPeriodEnd": false,
                  "isFirstDayOfMonth": false,
                  "isPeriodEnd": false,
                  "isPeriodStart": false,
                  "isWeekend": false,
                  "relativeDay": 21,
                },
                Object {
                  "dayIndex": 28,
                  "dayName": "Wednesday",
                  "dayNumber": "22",
                  "dayShortName": "We",
                  "isCarryIn": false,
                  "isCarryOut": false,
                  "isDayAfterPeriodEnd": false,
                  "isFirstDayOfMonth": false,
                  "isPeriodEnd": false,
                  "isPeriodStart": false,
                  "isWeekend": false,
                  "relativeDay": 22,
                },
                Object {
                  "dayIndex": 29,
                  "dayName": "Thursday",
                  "dayNumber": "23",
                  "dayShortName": "Th",
                  "isCarryIn": false,
                  "isCarryOut": false,
                  "isDayAfterPeriodEnd": false,
                  "isFirstDayOfMonth": false,
                  "isPeriodEnd": false,
                  "isPeriodStart": false,
                  "isWeekend": false,
                  "relativeDay": 23,
                },
                Object {
                  "dayIndex": 30,
                  "dayName": "Friday",
                  "dayNumber": "24",
                  "dayShortName": "Fr",
                  "isCarryIn": false,
                  "isCarryOut": false,
                  "isDayAfterPeriodEnd": false,
                  "isFirstDayOfMonth": false,
                  "isPeriodEnd": false,
                  "isPeriodStart": false,
                  "isWeekend": false,
                  "relativeDay": 24,
                },
                Object {
                  "dayIndex": 31,
                  "dayName": "Saturday",
                  "dayNumber": "25",
                  "dayShortName": "Sa",
                  "isCarryIn": false,
                  "isCarryOut": false,
                  "isDayAfterPeriodEnd": false,
                  "isFirstDayOfMonth": false,
                  "isPeriodEnd": false,
                  "isPeriodStart": false,
                  "isWeekend": true,
                  "relativeDay": 25,
                },
                Object {
                  "dayIndex": 32,
                  "dayName": "Sunday",
                  "dayNumber": "26",
                  "dayShortName": "Su",
                  "isCarryIn": false,
                  "isCarryOut": false,
                  "isDayAfterPeriodEnd": false,
                  "isFirstDayOfMonth": false,
                  "isPeriodEnd": false,
                  "isPeriodStart": false,
                  "isWeekend": true,
                  "relativeDay": 26,
                },
                Object {
                  "dayIndex": 33,
                  "dayName": "Monday",
                  "dayNumber": "27",
                  "dayShortName": "Mo",
                  "isCarryIn": false,
                  "isCarryOut": false,
                  "isDayAfterPeriodEnd": false,
                  "isFirstDayOfMonth": false,
                  "isPeriodEnd": false,
                  "isPeriodStart": false,
                  "isWeekend": false,
                  "relativeDay": 27,
                },
                Object {
                  "dayIndex": 34,
                  "dayName": "Tuesday",
                  "dayNumber": "28",
                  "dayShortName": "Tu",
                  "isCarryIn": false,
                  "isCarryOut": false,
                  "isDayAfterPeriodEnd": false,
                  "isFirstDayOfMonth": false,
                  "isPeriodEnd": false,
                  "isPeriodStart": false,
                  "isWeekend": false,
                  "relativeDay": 28,
                },
                Object {
                  "dayIndex": 35,
                  "dayName": "Wednesday",
                  "dayNumber": "29",
                  "dayShortName": "We",
                  "isCarryIn": false,
                  "isCarryOut": false,
                  "isDayAfterPeriodEnd": false,
                  "isFirstDayOfMonth": false,
                  "isPeriodEnd": false,
                  "isPeriodStart": false,
                  "isWeekend": false,
                  "relativeDay": 29,
                },
                Object {
                  "dayIndex": 36,
                  "dayName": "Thursday",
                  "dayNumber": "30",
                  "dayShortName": "Th",
                  "isCarryIn": false,
                  "isCarryOut": false,
                  "isDayAfterPeriodEnd": false,
                  "isFirstDayOfMonth": false,
                  "isPeriodEnd": false,
                  "isPeriodStart": false,
                  "isWeekend": false,
                  "relativeDay": 30,
                },
                Object {
                  "dayIndex": 37,
                  "dayName": "Friday",
                  "dayNumber": "31",
                  "dayShortName": "Fr",
                  "isCarryIn": false,
                  "isCarryOut": false,
                  "isDayAfterPeriodEnd": false,
                  "isFirstDayOfMonth": false,
                  "isPeriodEnd": true,
                  "isPeriodStart": false,
                  "isWeekend": false,
                  "relativeDay": 31,
                },
              ],
              "daysCount": 31,
              "monthName": "August",
              "monthNumber": "7",
              "year": "2018",
            },
            Object {
              "days": Array [
                Object {
                  "dayIndex": 38,
                  "dayName": "Saturday",
                  "dayNumber": "01",
                  "dayShortName": "Sa",
                  "isCarryIn": false,
                  "isCarryOut": true,
                  "isDayAfterPeriodEnd": true,
                  "isFirstDayOfMonth": true,
                  "isPeriodEnd": false,
                  "isPeriodStart": false,
                  "isWeekend": true,
                  "relativeDay": 32,
                },
                Object {
                  "dayIndex": 39,
                  "dayName": "Sunday",
                  "dayNumber": "02",
                  "dayShortName": "Su",
                  "isCarryIn": false,
                  "isCarryOut": true,
                  "isDayAfterPeriodEnd": false,
                  "isFirstDayOfMonth": false,
                  "isPeriodEnd": false,
                  "isPeriodStart": false,
                  "isWeekend": true,
                  "relativeDay": 33,
                },
                Object {
                  "dayIndex": 40,
                  "dayName": "Monday",
                  "dayNumber": "03",
                  "dayShortName": "Mo",
                  "isCarryIn": false,
                  "isCarryOut": true,
                  "isDayAfterPeriodEnd": false,
                  "isFirstDayOfMonth": false,
                  "isPeriodEnd": false,
                  "isPeriodStart": false,
                  "isWeekend": false,
                  "relativeDay": 34,
                },
                Object {
                  "dayIndex": 41,
                  "dayName": "Tuesday",
                  "dayNumber": "04",
                  "dayShortName": "Tu",
                  "isCarryIn": false,
                  "isCarryOut": true,
                  "isDayAfterPeriodEnd": false,
                  "isFirstDayOfMonth": false,
                  "isPeriodEnd": false,
                  "isPeriodStart": false,
                  "isWeekend": false,
                  "relativeDay": 35,
                },
                Object {
                  "dayIndex": 42,
                  "dayName": "Wednesday",
                  "dayNumber": "05",
                  "dayShortName": "We",
                  "isCarryIn": false,
                  "isCarryOut": true,
                  "isDayAfterPeriodEnd": false,
                  "isFirstDayOfMonth": false,
                  "isPeriodEnd": false,
                  "isPeriodStart": false,
                  "isWeekend": false,
                  "relativeDay": 36,
                },
                Object {
                  "dayIndex": 43,
                  "dayName": "Thursday",
                  "dayNumber": "06",
                  "dayShortName": "Th",
                  "isCarryIn": false,
                  "isCarryOut": true,
                  "isDayAfterPeriodEnd": false,
                  "isFirstDayOfMonth": false,
                  "isPeriodEnd": false,
                  "isPeriodStart": false,
                  "isWeekend": false,
                  "relativeDay": 37,
                },
                Object {
                  "dayIndex": 44,
                  "dayName": "Friday",
                  "dayNumber": "07",
                  "dayShortName": "Fr",
                  "isCarryIn": false,
                  "isCarryOut": true,
                  "isDayAfterPeriodEnd": false,
                  "isFirstDayOfMonth": false,
                  "isPeriodEnd": false,
                  "isPeriodStart": false,
                  "isWeekend": false,
                  "relativeDay": 38,
                },
              ],
              "daysCount": 7,
              "monthName": "September",
              "monthNumber": "8",
              "year": "2018",
            },
          ]
        }
        columnWidthInPx={0}
        initialColumnWidthInPx={0}
        isZoomed={false}
        leftScroll={0}
        monthsRef={
          Object {
            "current": null,
          }
        }
        onZoomSelection={[Function]}
        outerWidth={0}
        startDay={0}
        t={[MockFunction]}
        timelineHeaderRef={
          Object {
            "current": null,
          }
        }
        timelineVisibleDays={45}
        totalTimelineDurationDays={45}
        width={0}
      />
      <Component
        calendarData={
          Array [
            Object {
              "days": Array [
                Object {
                  "dayIndex": 0,
                  "dayName": "Wednesday",
                  "dayNumber": "25",
                  "dayShortName": "We",
                  "isCarryIn": true,
                  "isCarryOut": false,
                  "isDayAfterPeriodEnd": false,
                  "isFirstDayOfMonth": false,
                  "isPeriodEnd": false,
                  "isPeriodStart": false,
                  "isWeekend": false,
                  "relativeDay": -7,
                },
                Object {
                  "dayIndex": 1,
                  "dayName": "Thursday",
                  "dayNumber": "26",
                  "dayShortName": "Th",
                  "isCarryIn": true,
                  "isCarryOut": false,
                  "isDayAfterPeriodEnd": false,
                  "isFirstDayOfMonth": false,
                  "isPeriodEnd": false,
                  "isPeriodStart": false,
                  "isWeekend": false,
                  "relativeDay": -6,
                },
                Object {
                  "dayIndex": 2,
                  "dayName": "Friday",
                  "dayNumber": "27",
                  "dayShortName": "Fr",
                  "isCarryIn": true,
                  "isCarryOut": false,
                  "isDayAfterPeriodEnd": false,
                  "isFirstDayOfMonth": false,
                  "isPeriodEnd": false,
                  "isPeriodStart": false,
                  "isWeekend": false,
                  "relativeDay": -5,
                },
                Object {
                  "dayIndex": 3,
                  "dayName": "Saturday",
                  "dayNumber": "28",
                  "dayShortName": "Sa",
                  "isCarryIn": true,
                  "isCarryOut": false,
                  "isDayAfterPeriodEnd": false,
                  "isFirstDayOfMonth": false,
                  "isPeriodEnd": false,
                  "isPeriodStart": false,
                  "isWeekend": true,
                  "relativeDay": -4,
                },
                Object {
                  "dayIndex": 4,
                  "dayName": "Sunday",
                  "dayNumber": "29",
                  "dayShortName": "Su",
                  "isCarryIn": true,
                  "isCarryOut": false,
                  "isDayAfterPeriodEnd": false,
                  "isFirstDayOfMonth": false,
                  "isPeriodEnd": false,
                  "isPeriodStart": false,
                  "isWeekend": true,
                  "relativeDay": -3,
                },
                Object {
                  "dayIndex": 5,
                  "dayName": "Monday",
                  "dayNumber": "30",
                  "dayShortName": "Mo",
                  "isCarryIn": true,
                  "isCarryOut": false,
                  "isDayAfterPeriodEnd": false,
                  "isFirstDayOfMonth": false,
                  "isPeriodEnd": false,
                  "isPeriodStart": false,
                  "isWeekend": false,
                  "relativeDay": -2,
                },
                Object {
                  "dayIndex": 6,
                  "dayName": "Tuesday",
                  "dayNumber": "31",
                  "dayShortName": "Tu",
                  "isCarryIn": true,
                  "isCarryOut": false,
                  "isDayAfterPeriodEnd": false,
                  "isFirstDayOfMonth": false,
                  "isPeriodEnd": false,
                  "isPeriodStart": false,
                  "isWeekend": false,
                  "relativeDay": -1,
                },
              ],
              "daysCount": 7,
              "monthName": "July",
              "monthNumber": "6",
              "year": "2018",
            },
            Object {
              "days": Array [
                Object {
                  "dayIndex": 7,
                  "dayName": "Wednesday",
                  "dayNumber": "01",
                  "dayShortName": "We",
                  "isCarryIn": false,
                  "isCarryOut": false,
                  "isDayAfterPeriodEnd": false,
                  "isFirstDayOfMonth": true,
                  "isPeriodEnd": false,
                  "isPeriodStart": true,
                  "isWeekend": false,
                  "relativeDay": 1,
                },
                Object {
                  "dayIndex": 8,
                  "dayName": "Thursday",
                  "dayNumber": "02",
                  "dayShortName": "Th",
                  "isCarryIn": false,
                  "isCarryOut": false,
                  "isDayAfterPeriodEnd": false,
                  "isFirstDayOfMonth": false,
                  "isPeriodEnd": false,
                  "isPeriodStart": false,
                  "isWeekend": false,
                  "relativeDay": 2,
                },
                Object {
                  "dayIndex": 9,
                  "dayName": "Friday",
                  "dayNumber": "03",
                  "dayShortName": "Fr",
                  "isCarryIn": false,
                  "isCarryOut": false,
                  "isDayAfterPeriodEnd": false,
                  "isFirstDayOfMonth": false,
                  "isPeriodEnd": false,
                  "isPeriodStart": false,
                  "isWeekend": false,
                  "relativeDay": 3,
                },
                Object {
                  "dayIndex": 10,
                  "dayName": "Saturday",
                  "dayNumber": "04",
                  "dayShortName": "Sa",
                  "isCarryIn": false,
                  "isCarryOut": false,
                  "isDayAfterPeriodEnd": false,
                  "isFirstDayOfMonth": false,
                  "isPeriodEnd": false,
                  "isPeriodStart": false,
                  "isWeekend": true,
                  "relativeDay": 4,
                },
                Object {
                  "dayIndex": 11,
                  "dayName": "Sunday",
                  "dayNumber": "05",
                  "dayShortName": "Su",
                  "isCarryIn": false,
                  "isCarryOut": false,
                  "isDayAfterPeriodEnd": false,
                  "isFirstDayOfMonth": false,
                  "isPeriodEnd": false,
                  "isPeriodStart": false,
                  "isWeekend": true,
                  "relativeDay": 5,
                },
                Object {
                  "dayIndex": 12,
                  "dayName": "Monday",
                  "dayNumber": "06",
                  "dayShortName": "Mo",
                  "isCarryIn": false,
                  "isCarryOut": false,
                  "isDayAfterPeriodEnd": false,
                  "isFirstDayOfMonth": false,
                  "isPeriodEnd": false,
                  "isPeriodStart": false,
                  "isWeekend": false,
                  "relativeDay": 6,
                },
                Object {
                  "dayIndex": 13,
                  "dayName": "Tuesday",
                  "dayNumber": "07",
                  "dayShortName": "Tu",
                  "isCarryIn": false,
                  "isCarryOut": false,
                  "isDayAfterPeriodEnd": false,
                  "isFirstDayOfMonth": false,
                  "isPeriodEnd": false,
                  "isPeriodStart": false,
                  "isWeekend": false,
                  "relativeDay": 7,
                },
                Object {
                  "dayIndex": 14,
                  "dayName": "Wednesday",
                  "dayNumber": "08",
                  "dayShortName": "We",
                  "isCarryIn": false,
                  "isCarryOut": false,
                  "isDayAfterPeriodEnd": false,
                  "isFirstDayOfMonth": false,
                  "isPeriodEnd": false,
                  "isPeriodStart": false,
                  "isWeekend": false,
                  "relativeDay": 8,
                },
                Object {
                  "dayIndex": 15,
                  "dayName": "Thursday",
                  "dayNumber": "09",
                  "dayShortName": "Th",
                  "isCarryIn": false,
                  "isCarryOut": false,
                  "isDayAfterPeriodEnd": false,
                  "isFirstDayOfMonth": false,
                  "isPeriodEnd": false,
                  "isPeriodStart": false,
                  "isWeekend": false,
                  "relativeDay": 9,
                },
                Object {
                  "dayIndex": 16,
                  "dayName": "Friday",
                  "dayNumber": "10",
                  "dayShortName": "Fr",
                  "isCarryIn": false,
                  "isCarryOut": false,
                  "isDayAfterPeriodEnd": false,
                  "isFirstDayOfMonth": false,
                  "isPeriodEnd": false,
                  "isPeriodStart": false,
                  "isWeekend": false,
                  "relativeDay": 10,
                },
                Object {
                  "dayIndex": 17,
                  "dayName": "Saturday",
                  "dayNumber": "11",
                  "dayShortName": "Sa",
                  "isCarryIn": false,
                  "isCarryOut": false,
                  "isDayAfterPeriodEnd": false,
                  "isFirstDayOfMonth": false,
                  "isPeriodEnd": false,
                  "isPeriodStart": false,
                  "isWeekend": true,
                  "relativeDay": 11,
                },
                Object {
                  "dayIndex": 18,
                  "dayName": "Sunday",
                  "dayNumber": "12",
                  "dayShortName": "Su",
                  "isCarryIn": false,
                  "isCarryOut": false,
                  "isDayAfterPeriodEnd": false,
                  "isFirstDayOfMonth": false,
                  "isPeriodEnd": false,
                  "isPeriodStart": false,
                  "isWeekend": true,
                  "relativeDay": 12,
                },
                Object {
                  "dayIndex": 19,
                  "dayName": "Monday",
                  "dayNumber": "13",
                  "dayShortName": "Mo",
                  "isCarryIn": false,
                  "isCarryOut": false,
                  "isDayAfterPeriodEnd": false,
                  "isFirstDayOfMonth": false,
                  "isPeriodEnd": false,
                  "isPeriodStart": false,
                  "isWeekend": false,
                  "relativeDay": 13,
                },
                Object {
                  "dayIndex": 20,
                  "dayName": "Tuesday",
                  "dayNumber": "14",
                  "dayShortName": "Tu",
                  "isCarryIn": false,
                  "isCarryOut": false,
                  "isDayAfterPeriodEnd": false,
                  "isFirstDayOfMonth": false,
                  "isPeriodEnd": false,
                  "isPeriodStart": false,
                  "isWeekend": false,
                  "relativeDay": 14,
                },
                Object {
                  "dayIndex": 21,
                  "dayName": "Wednesday",
                  "dayNumber": "15",
                  "dayShortName": "We",
                  "isCarryIn": false,
                  "isCarryOut": false,
                  "isDayAfterPeriodEnd": false,
                  "isFirstDayOfMonth": false,
                  "isPeriodEnd": false,
                  "isPeriodStart": false,
                  "isWeekend": false,
                  "relativeDay": 15,
                },
                Object {
                  "dayIndex": 22,
                  "dayName": "Thursday",
                  "dayNumber": "16",
                  "dayShortName": "Th",
                  "isCarryIn": false,
                  "isCarryOut": false,
                  "isDayAfterPeriodEnd": false,
                  "isFirstDayOfMonth": false,
                  "isPeriodEnd": false,
                  "isPeriodStart": false,
                  "isWeekend": false,
                  "relativeDay": 16,
                },
                Object {
                  "dayIndex": 23,
                  "dayName": "Friday",
                  "dayNumber": "17",
                  "dayShortName": "Fr",
                  "isCarryIn": false,
                  "isCarryOut": false,
                  "isDayAfterPeriodEnd": false,
                  "isFirstDayOfMonth": false,
                  "isPeriodEnd": false,
                  "isPeriodStart": false,
                  "isWeekend": false,
                  "relativeDay": 17,
                },
                Object {
                  "dayIndex": 24,
                  "dayName": "Saturday",
                  "dayNumber": "18",
                  "dayShortName": "Sa",
                  "isCarryIn": false,
                  "isCarryOut": false,
                  "isDayAfterPeriodEnd": false,
                  "isFirstDayOfMonth": false,
                  "isPeriodEnd": false,
                  "isPeriodStart": false,
                  "isWeekend": true,
                  "relativeDay": 18,
                },
                Object {
                  "dayIndex": 25,
                  "dayName": "Sunday",
                  "dayNumber": "19",
                  "dayShortName": "Su",
                  "isCarryIn": false,
                  "isCarryOut": false,
                  "isDayAfterPeriodEnd": false,
                  "isFirstDayOfMonth": false,
                  "isPeriodEnd": false,
                  "isPeriodStart": false,
                  "isWeekend": true,
                  "relativeDay": 19,
                },
                Object {
                  "dayIndex": 26,
                  "dayName": "Monday",
                  "dayNumber": "20",
                  "dayShortName": "Mo",
                  "isCarryIn": false,
                  "isCarryOut": false,
                  "isDayAfterPeriodEnd": false,
                  "isFirstDayOfMonth": false,
                  "isPeriodEnd": false,
                  "isPeriodStart": false,
                  "isWeekend": false,
                  "relativeDay": 20,
                },
                Object {
                  "dayIndex": 27,
                  "dayName": "Tuesday",
                  "dayNumber": "21",
                  "dayShortName": "Tu",
                  "isCarryIn": false,
                  "isCarryOut": false,
                  "isDayAfterPeriodEnd": false,
                  "isFirstDayOfMonth": false,
                  "isPeriodEnd": false,
                  "isPeriodStart": false,
                  "isWeekend": false,
                  "relativeDay": 21,
                },
                Object {
                  "dayIndex": 28,
                  "dayName": "Wednesday",
                  "dayNumber": "22",
                  "dayShortName": "We",
                  "isCarryIn": false,
                  "isCarryOut": false,
                  "isDayAfterPeriodEnd": false,
                  "isFirstDayOfMonth": false,
                  "isPeriodEnd": false,
                  "isPeriodStart": false,
                  "isWeekend": false,
                  "relativeDay": 22,
                },
                Object {
                  "dayIndex": 29,
                  "dayName": "Thursday",
                  "dayNumber": "23",
                  "dayShortName": "Th",
                  "isCarryIn": false,
                  "isCarryOut": false,
                  "isDayAfterPeriodEnd": false,
                  "isFirstDayOfMonth": false,
                  "isPeriodEnd": false,
                  "isPeriodStart": false,
                  "isWeekend": false,
                  "relativeDay": 23,
                },
                Object {
                  "dayIndex": 30,
                  "dayName": "Friday",
                  "dayNumber": "24",
                  "dayShortName": "Fr",
                  "isCarryIn": false,
                  "isCarryOut": false,
                  "isDayAfterPeriodEnd": false,
                  "isFirstDayOfMonth": false,
                  "isPeriodEnd": false,
                  "isPeriodStart": false,
                  "isWeekend": false,
                  "relativeDay": 24,
                },
                Object {
                  "dayIndex": 31,
                  "dayName": "Saturday",
                  "dayNumber": "25",
                  "dayShortName": "Sa",
                  "isCarryIn": false,
                  "isCarryOut": false,
                  "isDayAfterPeriodEnd": false,
                  "isFirstDayOfMonth": false,
                  "isPeriodEnd": false,
                  "isPeriodStart": false,
                  "isWeekend": true,
                  "relativeDay": 25,
                },
                Object {
                  "dayIndex": 32,
                  "dayName": "Sunday",
                  "dayNumber": "26",
                  "dayShortName": "Su",
                  "isCarryIn": false,
                  "isCarryOut": false,
                  "isDayAfterPeriodEnd": false,
                  "isFirstDayOfMonth": false,
                  "isPeriodEnd": false,
                  "isPeriodStart": false,
                  "isWeekend": true,
                  "relativeDay": 26,
                },
                Object {
                  "dayIndex": 33,
                  "dayName": "Monday",
                  "dayNumber": "27",
                  "dayShortName": "Mo",
                  "isCarryIn": false,
                  "isCarryOut": false,
                  "isDayAfterPeriodEnd": false,
                  "isFirstDayOfMonth": false,
                  "isPeriodEnd": false,
                  "isPeriodStart": false,
                  "isWeekend": false,
                  "relativeDay": 27,
                },
                Object {
                  "dayIndex": 34,
                  "dayName": "Tuesday",
                  "dayNumber": "28",
                  "dayShortName": "Tu",
                  "isCarryIn": false,
                  "isCarryOut": false,
                  "isDayAfterPeriodEnd": false,
                  "isFirstDayOfMonth": false,
                  "isPeriodEnd": false,
                  "isPeriodStart": false,
                  "isWeekend": false,
                  "relativeDay": 28,
                },
                Object {
                  "dayIndex": 35,
                  "dayName": "Wednesday",
                  "dayNumber": "29",
                  "dayShortName": "We",
                  "isCarryIn": false,
                  "isCarryOut": false,
                  "isDayAfterPeriodEnd": false,
                  "isFirstDayOfMonth": false,
                  "isPeriodEnd": false,
                  "isPeriodStart": false,
                  "isWeekend": false,
                  "relativeDay": 29,
                },
                Object {
                  "dayIndex": 36,
                  "dayName": "Thursday",
                  "dayNumber": "30",
                  "dayShortName": "Th",
                  "isCarryIn": false,
                  "isCarryOut": false,
                  "isDayAfterPeriodEnd": false,
                  "isFirstDayOfMonth": false,
                  "isPeriodEnd": false,
                  "isPeriodStart": false,
                  "isWeekend": false,
                  "relativeDay": 30,
                },
                Object {
                  "dayIndex": 37,
                  "dayName": "Friday",
                  "dayNumber": "31",
                  "dayShortName": "Fr",
                  "isCarryIn": false,
                  "isCarryOut": false,
                  "isDayAfterPeriodEnd": false,
                  "isFirstDayOfMonth": false,
                  "isPeriodEnd": true,
                  "isPeriodStart": false,
                  "isWeekend": false,
                  "relativeDay": 31,
                },
              ],
              "daysCount": 31,
              "monthName": "August",
              "monthNumber": "7",
              "year": "2018",
            },
            Object {
              "days": Array [
                Object {
                  "dayIndex": 38,
                  "dayName": "Saturday",
                  "dayNumber": "01",
                  "dayShortName": "Sa",
                  "isCarryIn": false,
                  "isCarryOut": true,
                  "isDayAfterPeriodEnd": true,
                  "isFirstDayOfMonth": true,
                  "isPeriodEnd": false,
                  "isPeriodStart": false,
                  "isWeekend": true,
                  "relativeDay": 32,
                },
                Object {
                  "dayIndex": 39,
                  "dayName": "Sunday",
                  "dayNumber": "02",
                  "dayShortName": "Su",
                  "isCarryIn": false,
                  "isCarryOut": true,
                  "isDayAfterPeriodEnd": false,
                  "isFirstDayOfMonth": false,
                  "isPeriodEnd": false,
                  "isPeriodStart": false,
                  "isWeekend": true,
                  "relativeDay": 33,
                },
                Object {
                  "dayIndex": 40,
                  "dayName": "Monday",
                  "dayNumber": "03",
                  "dayShortName": "Mo",
                  "isCarryIn": false,
                  "isCarryOut": true,
                  "isDayAfterPeriodEnd": false,
                  "isFirstDayOfMonth": false,
                  "isPeriodEnd": false,
                  "isPeriodStart": false,
                  "isWeekend": false,
                  "relativeDay": 34,
                },
                Object {
                  "dayIndex": 41,
                  "dayName": "Tuesday",
                  "dayNumber": "04",
                  "dayShortName": "Tu",
                  "isCarryIn": false,
                  "isCarryOut": true,
                  "isDayAfterPeriodEnd": false,
                  "isFirstDayOfMonth": false,
                  "isPeriodEnd": false,
                  "isPeriodStart": false,
                  "isWeekend": false,
                  "relativeDay": 35,
                },
                Object {
                  "dayIndex": 42,
                  "dayName": "Wednesday",
                  "dayNumber": "05",
                  "dayShortName": "We",
                  "isCarryIn": false,
                  "isCarryOut": true,
                  "isDayAfterPeriodEnd": false,
                  "isFirstDayOfMonth": false,
                  "isPeriodEnd": false,
                  "isPeriodStart": false,
                  "isWeekend": false,
                  "relativeDay": 36,
                },
                Object {
                  "dayIndex": 43,
                  "dayName": "Thursday",
                  "dayNumber": "06",
                  "dayShortName": "Th",
                  "isCarryIn": false,
                  "isCarryOut": true,
                  "isDayAfterPeriodEnd": false,
                  "isFirstDayOfMonth": false,
                  "isPeriodEnd": false,
                  "isPeriodStart": false,
                  "isWeekend": false,
                  "relativeDay": 37,
                },
                Object {
                  "dayIndex": 44,
                  "dayName": "Friday",
                  "dayNumber": "07",
                  "dayShortName": "Fr",
                  "isCarryIn": false,
                  "isCarryOut": true,
                  "isDayAfterPeriodEnd": false,
                  "isFirstDayOfMonth": false,
                  "isPeriodEnd": false,
                  "isPeriodStart": false,
                  "isWeekend": false,
                  "relativeDay": 38,
                },
              ],
              "daysCount": 7,
              "monthName": "September",
              "monthNumber": "8",
              "year": "2018",
            },
          ]
        }
        defaultTimelineWindowHeight={0}
        id={1}
        index={0}
        isCollapsed={false}
        isZoomed={false}
        key="0"
        onCloseTimelineWindow={[Function]}
        onCollapseTimelineWindow={[Function]}
        onScrollX={[Function]}
        t={[MockFunction]}
        timelineVisibleDays={45}
        timelineWindowHeight={0}
        timelineWindowRef={
          Object {
            "current": null,
          }
        }
        timelineWindowsCount={0}
        updateWindowsHeights={[Function]}
      />
      <TimelineZoom
        columnWidthInPx={0}
        initialTimelineVisibleDays={45}
        onZoomOut={[Function]}
        onZoomSelection={[Function]}
        t={[MockFunction]}
        timelineVisibleDays={45}
        timelineWindowRef={
          Object {
            "current": null,
          }
        }
        totalTimelineDurationDays={45}
      />
    </div>
  </div>
  <PairingDetails
    newTab={false}
    onClose={[Function]}
    open={false}
    t={[MockFunction]}
  />
  <ErrorHandler
    handleCancel={[Function]}
    open={false}
    rule={null}
    ruleset={null}
    t={[MockFunction]}
  />
</ContextProvider>
`;
